----------------------------
-1 -1 -1 
-1 -1 -1 
-1 -1 -1 
-1 -1 -1 
0 0 0 
(fl=0, di=0, sa=0; [])
(fl=0, di=0, sa=0; [])
(fl=0, di=0, sa=0; [])


dist(e(0)=2
dist(e(1)=2
dist(e(2)=2
rider=(2, 0), closest E=(fl=0, di=0, sa=0; [2 ])
dist(e(0)=0
dist(e(1)=0
dist(e(2)=0
rider=(0, 1), closest E=(fl=0, di=0, sa=0; [2 ])
dist(e(0)=4
dist(e(1)=4
dist(e(2)=4
rider=(4, 1), closest E=(fl=0, di=0, sa=0; [2 4 ])
dist(e(0)=2
dist(e(1)=2
dist(e(2)=2
rider=(2, 0), closest E=(fl=0, di=0, sa=0; [2 4 ])
----------------------------
-1 -1 -1 
-1 -1 -1 
-1 -1 -1 
-1 -1 -1 
1 0 0 
(fl=0, di=1, sa=2; [1 2 4 ])
(fl=0, di=0, sa=0; [])
(fl=0, di=0, sa=0; [])


dist(e(0)=1
dist(e(1)=1
dist(e(2)=1
rider=(1, 0), closest E=(fl=0, di=1, sa=2; [1 2 4 ])
dist(e(0)=2
dist(e(1)=2
dist(e(2)=2
rider=(2, 1), closest E=(fl=0, di=1, sa=2; [1 2 4 ])
dist(e(0)=3
dist(e(1)=3
dist(e(2)=3
rider=(3, 2), closest E=(fl=0, di=1, sa=2; [1 2 3 4 ])
----------------------------
-1 -1 -1 
-1 -1 -1 
-1 -1 -1 
1 -1 -1 
-1 0 0 
(fl=1, di=1, sa=2; [2 3 4 0 ])
(fl=0, di=0, sa=0; [])
(fl=0, di=0, sa=0; [])


dist(e(0)=7
dist(e(1)=0
dist(e(2)=0
rider=(0, 2), closest E=(fl=0, di=0, sa=0; [0 ])
----------------------------
-1 -1 -1 
-1 -1 -1 
4 -1 -1 
-1 -1 -1 
-1 1 0 
(fl=2, di=1, sa=3; [3 4 1 0 ])
(fl=0, di=0, sa=0; [2 ])
(fl=0, di=0, sa=0; [])


----------------------------
-1 -1 -1 
5 -1 -1 
-1 -1 -1 
-1 -1 -1 
-1 1 0 
(fl=3, di=1, sa=4; [4 2 1 0 ])
(fl=0, di=1, sa=2; [2 ])
(fl=0, di=0, sa=0; [])


dist(e(0)=1
dist(e(1)=4
dist(e(2)=4
rider=(4, 2), closest E=(fl=3, di=1, sa=4; [4 2 1 0 ])
dist(e(0)=0
dist(e(1)=3
dist(e(2)=3
rider=(3, 4), closest E=(fl=3, di=1, sa=4; [4 2 1 0 ])
----------------------------
7 -1 -1 
-1 -1 -1 
-1 -1 -1 
-1 1 -1 
-1 -1 0 
(fl=4, di=-1, sa=2; [2 1 0 ])
(fl=1, di=1, sa=2; [2 ])
(fl=0, di=0, sa=0; [])


dist(e(0)=3
dist(e(1)=0
dist(e(2)=1
rider=(1, 1), closest E=(fl=1, di=1, sa=2; [2 ])
dist(e(0)=0
dist(e(1)=3
dist(e(2)=4
rider=(4, 3), closest E=(fl=4, di=-1, sa=2; [2 1 0 ])
dist(e(0)=0
dist(e(1)=3
dist(e(2)=4
rider=(4, 4), closest E=(fl=4, di=-1, sa=2; [2 1 0 ])
----------------------------
-1 -1 -1 
8 -1 -1 
-1 0 -1 
-1 -1 -1 
-1 -1 0 
(fl=3, di=-1, sa=2; [2 1 0 4 ])
(fl=2, di=0, sa=2; [])
(fl=0, di=0, sa=0; [])


dist(e(0)=7
dist(e(1)=2
dist(e(2)=4
rider=(4, 0), closest E=(fl=2, di=0, sa=2; [4 ])
dist(e(0)=0
dist(e(1)=1
dist(e(2)=3
rider=(3, 1), closest E=(fl=3, di=-1, sa=2; [2 1 0 4 ])
dist(e(0)=3
dist(e(1)=6
dist(e(2)=0
rider=(0, 1), closest E=(fl=0, di=0, sa=0; [0 ])
----------------------------
-1 -1 -1 
-1 -1 -1 
6 0 -1 
-1 -1 -1 
-1 -1 1 
(fl=2, di=-1, sa=1; [1 0 4 ])
(fl=2, di=1, sa=4; [4 ])
(fl=0, di=0, sa=0; [1 ])


dist(e(0)=2
dist(e(1)=6
dist(e(2)=0
rider=(0, 1), closest E=(fl=0, di=0, sa=0; [1 ])
----------------------------
-1 -1 -1 
-1 1 -1 
-1 -1 -1 
4 -1 -1 
-1 -1 2 
(fl=1, di=-1, sa=0; [0 4 ])
(fl=3, di=1, sa=4; [4 1 ])
(fl=0, di=1, sa=1; [1 ])


----------------------------
-1 3 -1 
-1 -1 -1 
-1 -1 -1 
-1 -1 0 
1 -1 -1 
(fl=0, di=1, sa=4; [4 ])
(fl=4, di=-1, sa=1; [3 1 0 ])
(fl=1, di=0, sa=1; [])


dist(e(0)=4
dist(e(1)=0
dist(e(2)=3
rider=(4, 2), closest E=(fl=4, di=-1, sa=1; [3 1 0 ])
dist(e(0)=0
dist(e(1)=4
dist(e(2)=1
rider=(0, 1), closest E=(fl=0, di=1, sa=4; [4 ])
----------------------------
-1 -1 -1 
-1 2 -1 
-1 -1 -1 
1 -1 0 
-1 -1 -1 
(fl=1, di=1, sa=4; [4 ])
(fl=3, di=-1, sa=1; [1 0 ])
(fl=1, di=0, sa=1; [])


dist(e(0)=1
dist(e(1)=1
dist(e(2)=1
rider=(2, 4), closest E=(fl=1, di=1, sa=4; [2 4 ])
dist(e(0)=1
dist(e(1)=1
dist(e(2)=1
rider=(2, 0), closest E=(fl=1, di=1, sa=4; [2 4 ])
----------------------------
-1 -1 -1 
-1 -1 -1 
3 2 -1 
-1 -1 0 
-1 -1 -1 
(fl=2, di=1, sa=4; [4 0 ])
(fl=2, di=-1, sa=1; [1 0 ])
(fl=1, di=0, sa=1; [])


dist(e(0)=2
dist(e(1)=6
dist(e(2)=3
rider=(4, 4), closest E=(fl=2, di=1, sa=4; [4 0 ])
dist(e(0)=6
dist(e(1)=2
dist(e(2)=1
rider=(0, 2), closest E=(fl=1, di=0, sa=1; [0 ])
dist(e(0)=5
dist(e(1)=1
dist(e(2)=0
rider=(1, 3), closest E=(fl=1, di=0, sa=1; [0 ])
----------------------------
-1 -1 -1 
3 -1 -1 
-1 -1 -1 
-1 2 0 
-1 -1 -1 
(fl=3, di=1, sa=4; [4 0 ])
(fl=1, di=-1, sa=0; [0 3 ])
(fl=1, di=-1, sa=0; [0 ])


dist(e(0)=0
dist(e(1)=4
dist(e(2)=4
rider=(3, 1), closest E=(fl=3, di=1, sa=4; [4 0 ])
dist(e(0)=1
dist(e(1)=5
dist(e(2)=5
rider=(4, 2), closest E=(fl=3, di=1, sa=4; [4 0 ])
----------------------------
3 -1 -1 
-1 -1 -1 
-1 -1 -1 
-1 -1 -1 
-1 3 0 
(fl=4, di=-1, sa=0; [2 0 ])
(fl=0, di=1, sa=3; [1 2 3 ])
(fl=0, di=0, sa=0; [])


dist(e(0)=1
dist(e(1)=3
dist(e(2)=3
rider=(3, 4), closest E=(fl=4, di=-1, sa=0; [3 2 0 ])
dist(e(0)=3
dist(e(1)=1
dist(e(2)=1
rider=(1, 1), closest E=(fl=0, di=1, sa=3; [1 2 3 ])
dist(e(0)=0
dist(e(1)=4
dist(e(2)=4
rider=(4, 0), closest E=(fl=4, di=-1, sa=0; [3 2 0 ])
dist(e(0)=0
dist(e(1)=4
dist(e(2)=4
rider=(4, 3), closest E=(fl=4, di=-1, sa=0; [3 2 0 ])
----------------------------
-1 -1 -1 
5 -1 -1 
-1 -1 -1 
-1 2 -1 
-1 -1 0 
(fl=3, di=-1, sa=0; [2 1 0 4 ])
(fl=1, di=1, sa=3; [2 3 ])
(fl=0, di=0, sa=0; [])


dist(e(0)=1
dist(e(1)=1
dist(e(2)=2
rider=(2, 2), closest E=(fl=3, di=-1, sa=0; [2 1 0 4 ])
----------------------------
-1 -1 -1 
-1 -1 -1 
3 1 -1 
-1 -1 -1 
-1 -1 0 
(fl=2, di=-1, sa=0; [1 0 4 ])
(fl=2, di=1, sa=3; [3 ])
(fl=0, di=0, sa=0; [])


dist(e(0)=0
dist(e(1)=0
dist(e(2)=2
rider=(2, 1), closest E=(fl=2, di=-1, sa=0; [1 0 4 ])
dist(e(0)=2
dist(e(1)=4
dist(e(2)=0
rider=(0, 1), closest E=(fl=0, di=0, sa=0; [0 ])
----------------------------
-1 -1 -1 
-1 0 -1 
-1 -1 -1 
2 -1 -1 
-1 -1 1 
(fl=1, di=-1, sa=0; [0 4 ])
(fl=3, di=0, sa=3; [])
(fl=0, di=0, sa=0; [1 ])


dist(e(0)=5
dist(e(1)=1
dist(e(2)=4
rider=(4, 4), closest E=(fl=3, di=0, sa=3; [4 ])
dist(e(0)=1
dist(e(1)=5
dist(e(2)=0
rider=(0, 4), closest E=(fl=0, di=0, sa=0; [1 ])
dist(e(0)=3
dist(e(1)=3
dist(e(2)=2
rider=(2, 2), closest E=(fl=0, di=0, sa=0; [1 2 ])
----------------------------
-1 -1 -1 
-1 0 -1 
-1 -1 -1 
-1 -1 -1 
2 -1 1 
(fl=0, di=1, sa=4; [4 ])
(fl=3, di=1, sa=4; [4 ])
(fl=0, di=1, sa=1; [1 2 ])


dist(e(0)=0
dist(e(1)=5
dist(e(2)=0
rider=(0, 4), closest E=(fl=0, di=1, sa=4; [4 ])
dist(e(0)=2
dist(e(1)=3
dist(e(2)=2
rider=(2, 1), closest E=(fl=0, di=1, sa=4; [2 4 ])
dist(e(0)=3
dist(e(1)=0
dist(e(2)=3
rider=(3, 1), closest E=(fl=3, di=1, sa=4; [4 ])
dist(e(0)=1
dist(e(1)=4
dist(e(2)=1
rider=(1, 3), closest E=(fl=0, di=1, sa=4; [1 2 4 ])
----------------------------
-1 2 -1 
-1 -1 -1 
-1 -1 -1 
3 -1 0 
-1 -1 -1 
(fl=1, di=1, sa=4; [2 3 4 ])
(fl=4, di=0, sa=4; [4 3 0 ])
(fl=1, di=1, sa=2; [2 ])


dist(e(0)=2
dist(e(1)=1
dist(e(2)=2
rider=(3, 1), closest E=(fl=4, di=0, sa=4; [4 3 0 ])
----------------------------
-1 2 -1 
-1 -1 -1 
5 -1 0 
-1 -1 -1 
-1 -1 -1 
(fl=2, di=1, sa=4; [3 4 1 ])
(fl=4, di=-1, sa=3; [3 0 ])
(fl=2, di=0, sa=2; [])


