Mincost = ([c, : f0 : s4], [pos0, -0.1998 , 0.698401])
Mincost = ([g  : f4 : s2], [pos2, 0.8991  , 1.3977  ])
Mincost = ([a@ : f1 : s3], [pos1, 0.6993  , 1.3991  ])
Mincost = ([a  : f2 : s3], [pos1, 0       , 1.4005  ])
Mincost = ([a# : f3 : s3], [pos1, 0       , 1.4019  ])
Mincost = ([b  : f3 : s3], [pos2, 0.0999  , 1.30361 ])
Mincost = ([d  : f4 : s3], [pos4, 0.3996  , 1.90431 ])
Mincost = ([d@ : f3 : s3], [pos4, 0       , 1.70662 ])
Mincost = ([d  : f4 : s3], [pos4, 0       , 2.10772 ])
Mincost = ([d# : f4 : s3], [pos5, 0.1998  , 2.30943 ])
Mincost = ([e  : f4 : s3], [pos6, 0.1998  , 2.51135 ])
Mincost = ([f  : f1 : s2], [pos3, 1.0989  , 3.41296 ])
Mincost = ([f# : f2 : s2], [pos3, 0       , 3.41638 ])
Mincost = ([g  : f3 : s2], [pos3, 0       , 3.4198  ])
Mincost = ([g# : f4 : s2], [pos3, 0       , 3.22362 ])
Mincost = ([a' : f0 : s1], [pos0, -0.1998 , 6.62005 ])
Mincost = ([a'' : f3 : s1], [pos10, 3.3966  , 6.42708 ])
Mincost = ([c, : f0 : s4], [pos0, -0.1998 , 8.42951 ])
Mincost = ([g  : f1 : s2], [pos5, 1.998   , 9.43595 ])
Mincost = ([a@ : f4 : s4], [pos5, 0.999   , 9.645   ])
Mincost = ([a  : f4 : s4], [pos6, 0.1998  , 9.85425 ])
Mincost = ([a# : f4 : s4], [pos7, 0.1998  , 9.86412 ])
Mincost = ([a# : f4 : s4], [pos7, 0       , 9.86412 ])
